(error "Top-level assertion sort must be Bool, got Real")

