sat
((f true))
(((+ (* 2 x) 1) 3))
(((+ 1 1) 2))
(((!(+ x 1) :named test) 2))
(((let ((y 0)) y) 0))
(((let ((y 1) (z 2)) (+ y z)) 3))
