(error "Incorrect push command, value is negative.")

sat
